// Jest Snapshot v1, https://goo.gl/fbAQLP

exports[`renders correctly 1`] = `
<div
  className="container"
>
  <table
    className="table table-striped"
    id="newsTable"
  >
    <thead
      className="tableHead"
    >
      <tr>
        <th>
          Comments
        </th>
        <th>
          Vote Count
        </th>
        <th>
          Up Vote
        </th>
        <th>
          News Details
        </th>
      </tr>
    </thead>
    <tbody />
  </table>
  <div
    className="paginationFloat"
  >
    <nav
      aria-label="Page navigation example"
    >
      <ul
        className="pagination justify-content-end"
      >
        <li
          className="page-item disabled"
        >
          <a
            className="page-link"
            onClick={[Function]}
          >
            Previous
          </a>
        </li>
        <li
          className="page-item"
        >
          <span
            className="page-link"
            onClick={[Function]}
          >
            Next
          </span>
        </li>
      </ul>
    </nav>
  </div>
</div>
`;
